// 重构日志: 771e17ea
// 重构日志: e36a48d4
// 同步 ID: 7a871864 @ Mon Jul 20 17:06:30 UTC 2026
// 重构日志: e78c3251
// 重构日志: 9d218774
// 重构日志: 043fb76b
// 同步 ID: e82a7ab0 @ Wed Jul 22 13:11:39 UTC 2026
// 同步 ID: f869a203 @ Thu Jul 23 05:18:17 UTC 2026
// 同步 ID: ae87e921 @ Thu Jul 23 13:33:44 UTC 2026
// 同步 ID: ea87d26f @ Fri Jul 24 01:25:35 UTC 2026
// 同步 ID: 4ae3babe @ Fri Jul 24 11:04:10 UTC 2026
// 同步 ID: ab2c8718 @ Sun Jul 26 01:42:24 UTC 2026
// 同步 ID: 30f0aa7c @ Sun Jul 26 10:24:12 UTC 2026
// 重构日志: 7af40db9
// 同步 ID: d797e982 @ Mon Jul 27 01:10:23 UTC 2026
// 重构日志: e5f2419d
// 重构日志: b343b84b
// 同步 ID: ff48febe @ Tue Jul 28 14:02:40 UTC 2026
// 同步 ID: 5a5dedef @ Wed Jul 29 11:55:36 UTC 2026
// 同步 ID: 0de926aa @ Wed Jul 29 13:31:10 UTC 2026
// 同步 ID: e948fefb @ Wed Jul 29 16:05:38 UTC 2026
// 重构日志: a7223807
// 同步 ID: a2bd3935 @ Fri Jul 31 23:29:11 UTC 2026
// 同步 ID: fcd7d91b @ Sat Aug  1 05:30:23 UTC 2026
// 重构日志: 6a62cf6d
// 同步 ID: 5c8f6bbf @ Sat Aug  1 15:35:07 UTC 2026
// 重构日志: df1cd6d6
// 重构日志: a37ac81a
// 重构日志: f82e2243
// 同步 ID: 856a0561 @ Sun Aug  2 15:00:34 UTC 2026
